[INFO] Scanning for projects...
[INFO] 
[INFO] ----------< com.hethongtruongthpt:hethongtruongthpt-backend >-----------
[INFO] Building HETHONGTRUONGTHPT 0.0.1-SNAPSHOT
[INFO]   from pom.xml
[INFO] --------------------------------[ jar ]---------------------------------
[INFO] 
[INFO] --- clean:3.2.0:clean (default-clean) @ hethongtruongthpt-backend ---
[INFO] Deleting D:\C++\LuanVanTN\HETHONGTRUONGTHPT\backend\target
[INFO] 
[INFO] --- resources:3.3.1:resources (default-resources) @ hethongtruongthpt-backend ---
[WARNING] Using platform encoding (UTF-8 actually) to copy filtered resources, i.e. build is platform dependent!
[INFO] Copying 2 resources from src\main\resources to target\classes
[INFO] 
[INFO] --- compiler:3.13.0:compile (default-compile) @ hethongtruongthpt-backend ---
[INFO] Recompiling the module because of changed source code.
[WARNING] File encoding has not been set, using platform encoding UTF-8, i.e. build is platform dependent!
[INFO] Compiling 175 source files with javac [debug parameters release 17] to target\classes
[INFO] Some messages have been simplified; recompile with -Xdiags:verbose to get full output
[INFO] -------------------------------------------------------------
[ERROR] COMPILATION ERROR : 
[INFO] -------------------------------------------------------------
[ERROR] /D:/C++/LuanVanTN/HETHONGTRUONGTHPT/backend/src/main/java/com/hethongtruongthpt/config/SampleDataSeeder.java:[147,18] cannot find symbol
  symbol:   method setHk1NgayBatDau(java.time.LocalDate)
  location: variable nam202324 of type com.hethongtruongthpt.entity.NamHoc
[ERROR] /D:/C++/LuanVanTN/HETHONGTRUONGTHPT/backend/src/main/java/com/hethongtruongthpt/config/SampleDataSeeder.java:[148,18] cannot find symbol
  symbol:   method setHk1NgayKetThuc(java.time.LocalDate)
  location: variable nam202324 of type com.hethongtruongthpt.entity.NamHoc
[ERROR] /D:/C++/LuanVanTN/HETHONGTRUONGTHPT/backend/src/main/java/com/hethongtruongthpt/config/SampleDataSeeder.java:[149,18] cannot find symbol
  symbol:   method setHk2NgayBatDau(java.time.LocalDate)
  location: variable nam202324 of type com.hethongtruongthpt.entity.NamHoc
[ERROR] /D:/C++/LuanVanTN/HETHONGTRUONGTHPT/backend/src/main/java/com/hethongtruongthpt/config/SampleDataSeeder.java:[150,18] cannot find symbol
  symbol:   method setHk2NgayKetThuc(java.time.LocalDate)
  location: variable nam202324 of type com.hethongtruongthpt.entity.NamHoc
[ERROR] /D:/C++/LuanVanTN/HETHONGTRUONGTHPT/backend/src/main/java/com/hethongtruongthpt/config/SampleDataSeeder.java:[157,18] cannot find symbol
  symbol:   method setHk1NgayBatDau(java.time.LocalDate)
  location: variable nam202425 of type com.hethongtruongthpt.entity.NamHoc
[ERROR] /D:/C++/LuanVanTN/HETHONGTRUONGTHPT/backend/src/main/java/com/hethongtruongthpt/config/SampleDataSeeder.java:[158,18] cannot find symbol
  symbol:   method setHk1NgayKetThuc(java.time.LocalDate)
  location: variable nam202425 of type com.hethongtruongthpt.entity.NamHoc
[ERROR] /D:/C++/LuanVanTN/HETHONGTRUONGTHPT/backend/src/main/java/com/hethongtruongthpt/config/SampleDataSeeder.java:[159,18] cannot find symbol
  symbol:   method setHk2NgayBatDau(java.time.LocalDate)
  location: variable nam202425 of type com.hethongtruongthpt.entity.NamHoc
[ERROR] /D:/C++/LuanVanTN/HETHONGTRUONGTHPT/backend/src/main/java/com/hethongtruongthpt/config/SampleDataSeeder.java:[160,18] cannot find symbol
  symbol:   method setHk2NgayKetThuc(java.time.LocalDate)
  location: variable nam202425 of type com.hethongtruongthpt.entity.NamHoc
[ERROR] /D:/C++/LuanVanTN/HETHONGTRUONGTHPT/backend/src/main/java/com/hethongtruongthpt/config/SampleDataSeeder.java:[167,18] cannot find symbol
  symbol:   method setHk1NgayBatDau(java.time.LocalDate)
  location: variable nam202526 of type com.hethongtruongthpt.entity.NamHoc
[ERROR] /D:/C++/LuanVanTN/HETHONGTRUONGTHPT/backend/src/main/java/com/hethongtruongthpt/config/SampleDataSeeder.java:[168,18] cannot find symbol
  symbol:   method setHk1NgayKetThuc(java.time.LocalDate)
  location: variable nam202526 of type com.hethongtruongthpt.entity.NamHoc
[ERROR] /D:/C++/LuanVanTN/HETHONGTRUONGTHPT/backend/src/main/java/com/hethongtruongthpt/config/SampleDataSeeder.java:[169,18] cannot find symbol
  symbol:   method setHk2NgayBatDau(java.time.LocalDate)
  location: variable nam202526 of type com.hethongtruongthpt.entity.NamHoc
[ERROR] /D:/C++/LuanVanTN/HETHONGTRUONGTHPT/backend/src/main/java/com/hethongtruongthpt/config/SampleDataSeeder.java:[170,18] cannot find symbol
  symbol:   method setHk2NgayKetThuc(java.time.LocalDate)
  location: variable nam202526 of type com.hethongtruongthpt.entity.NamHoc
[ERROR] /D:/C++/LuanVanTN/HETHONGTRUONGTHPT/backend/src/main/java/com/hethongtruongthpt/service/GiaoVienService.java:[46,57] incompatible types: java.lang.Long cannot be converted to java.lang.Integer
[ERROR] /D:/C++/LuanVanTN/HETHONGTRUONGTHPT/backend/src/main/java/com/hethongtruongthpt/service/GiaoVienService.java:[61,24] incompatible types: java.lang.Long cannot be converted to java.lang.Integer
[ERROR] /D:/C++/LuanVanTN/HETHONGTRUONGTHPT/backend/src/main/java/com/hethongtruongthpt/service/GiaoVienService.java:[72,39] incompatible types: java.lang.Long cannot be converted to java.lang.Integer
[ERROR] /D:/C++/LuanVanTN/HETHONGTRUONGTHPT/backend/src/main/java/com/hethongtruongthpt/service/GiaoVienService.java:[95,50] cannot find symbol
  symbol:   method getBoMon()
  location: variable giaoVien of type com.hethongtruongthpt.entity.GiaoVien
[ERROR] /D:/C++/LuanVanTN/HETHONGTRUONGTHPT/backend/src/main/java/com/hethongtruongthpt/service/GiaoVienService.java:[96,52] cannot find symbol
  symbol:   method getTrinhDo()
  location: variable giaoVien of type com.hethongtruongthpt.entity.GiaoVien
[ERROR] /D:/C++/LuanVanTN/HETHONGTRUONGTHPT/backend/src/main/java/com/hethongtruongthpt/service/GiaoVienService.java:[120,33] cannot find symbol
  symbol:   variable GIAOVIEN
  location: class com.hethongtruongthpt.enums.RoleEnum
[ERROR] /D:/C++/LuanVanTN/HETHONGTRUONGTHPT/backend/src/main/java/com/hethongtruongthpt/service/UserService.java:[49,45] incompatible types: java.lang.Long cannot be converted to java.lang.Integer
[ERROR] /D:/C++/LuanVanTN/HETHONGTRUONGTHPT/backend/src/main/java/com/hethongtruongthpt/service/UserService.java:[57,13] cannot find symbol
  symbol:   method setEmail(java.lang.String)
  location: variable user of type com.hethongtruongthpt.entity.User
[ERROR] /D:/C++/LuanVanTN/HETHONGTRUONGTHPT/backend/src/main/java/com/hethongtruongthpt/service/UserService.java:[58,13] cannot find symbol
  symbol:   method setStatus(java.lang.Integer)
  location: variable user of type com.hethongtruongthpt.entity.User
[ERROR] /D:/C++/LuanVanTN/HETHONGTRUONGTHPT/backend/src/main/java/com/hethongtruongthpt/service/UserService.java:[62,40] incompatible types: java.lang.Integer cannot be converted to java.lang.Long
[ERROR] /D:/C++/LuanVanTN/HETHONGTRUONGTHPT/backend/src/main/java/com/hethongtruongthpt/service/UserService.java:[68,49] incompatible types: java.lang.Long cannot be converted to java.lang.Integer
[ERROR] /D:/C++/LuanVanTN/HETHONGTRUONGTHPT/backend/src/main/java/com/hethongtruongthpt/service/UserService.java:[72,17] cannot find symbol
  symbol:   method setEmail(java.lang.String)
  location: variable existing of type com.hethongtruongthpt.entity.User
[ERROR] /D:/C++/LuanVanTN/HETHONGTRUONGTHPT/backend/src/main/java/com/hethongtruongthpt/service/UserService.java:[73,17] cannot find symbol
  symbol:   method setStatus(java.lang.Integer)
  location: variable existing of type com.hethongtruongthpt.entity.User
[ERROR] /D:/C++/LuanVanTN/HETHONGTRUONGTHPT/backend/src/main/java/com/hethongtruongthpt/service/UserService.java:[80,40] incompatible types: java.lang.Integer cannot be converted to java.lang.Long
[ERROR] /D:/C++/LuanVanTN/HETHONGTRUONGTHPT/backend/src/main/java/com/hethongtruongthpt/service/UserService.java:[87,35] incompatible types: java.lang.Long cannot be converted to java.lang.Integer
[ERROR] /D:/C++/LuanVanTN/HETHONGTRUONGTHPT/backend/src/main/java/com/hethongtruongthpt/service/UserService.java:[106,29] incompatible types: java.lang.Integer cannot be converted to java.lang.Long
[ERROR] /D:/C++/LuanVanTN/HETHONGTRUONGTHPT/backend/src/main/java/com/hethongtruongthpt/service/UserService.java:[108,26] cannot find symbol
  symbol:   method getEmail()
  location: variable user of type com.hethongtruongthpt.entity.User
[ERROR] /D:/C++/LuanVanTN/HETHONGTRUONGTHPT/backend/src/main/java/com/hethongtruongthpt/service/UserService.java:[109,27] cannot find symbol
  symbol:   method getStatus()
  location: variable user of type com.hethongtruongthpt.entity.User
[ERROR] /D:/C++/LuanVanTN/HETHONGTRUONGTHPT/backend/src/main/java/com/hethongtruongthpt/service/UserService.java:[109,55] cannot find symbol
  symbol:   method getStatus()
  location: variable user of type com.hethongtruongthpt.entity.User
[ERROR] /D:/C++/LuanVanTN/HETHONGTRUONGTHPT/backend/src/main/java/com/hethongtruongthpt/service/UserService.java:[110,27] cannot find symbol
  symbol:   method getStatus()
  location: variable user of type com.hethongtruongthpt.entity.User
[ERROR] /D:/C++/LuanVanTN/HETHONGTRUONGTHPT/backend/src/main/java/com/hethongtruongthpt/service/UserService.java:[111,43] incompatible types: java.time.LocalDateTime cannot be converted to java.time.Instant
[ERROR] /D:/C++/LuanVanTN/HETHONGTRUONGTHPT/backend/src/main/java/com/hethongtruongthpt/service/UserService.java:[112,43] incompatible types: java.time.LocalDateTime cannot be converted to java.time.Instant
[ERROR] /D:/C++/LuanVanTN/HETHONGTRUONGTHPT/backend/src/main/java/com/hethongtruongthpt/service/UserService.java:[114,53] incompatible types: java.lang.Integer cannot be converted to java.lang.Long
[ERROR] /D:/C++/LuanVanTN/HETHONGTRUONGTHPT/backend/src/main/java/com/hethongtruongthpt/service/AuthService.java:[63,49] incompatible types: java.lang.Integer cannot be converted to java.lang.Long
[ERROR] /D:/C++/LuanVanTN/HETHONGTRUONGTHPT/backend/src/main/java/com/hethongtruongthpt/service/ChuNhiemService.java:[62,44] incompatible types: java.lang.Long cannot be converted to java.lang.Integer
[ERROR] /D:/C++/LuanVanTN/HETHONGTRUONGTHPT/backend/src/main/java/com/hethongtruongthpt/service/ChuNhiemService.java:[65,42] incompatible types: java.lang.Long cannot be converted to java.lang.Integer
[ERROR] /D:/C++/LuanVanTN/HETHONGTRUONGTHPT/backend/src/main/java/com/hethongtruongthpt/service/DiemService.java:[23,40] incompatible types: java.lang.Long cannot be converted to java.lang.Integer
[ERROR] /D:/C++/LuanVanTN/HETHONGTRUONGTHPT/backend/src/main/java/com/hethongtruongthpt/service/DiemService.java:[33,20] incompatible types: java.lang.Long cannot be converted to java.lang.Integer
[ERROR] /D:/C++/LuanVanTN/HETHONGTRUONGTHPT/backend/src/main/java/com/hethongtruongthpt/service/DiemService.java:[38,35] incompatible types: java.lang.Long cannot be converted to java.lang.Integer
[ERROR] /D:/C++/LuanVanTN/HETHONGTRUONGTHPT/backend/src/main/java/com/hethongtruongthpt/service/HocSinhService.java:[46,43] incompatible types: java.lang.Long cannot be converted to java.lang.Integer
[ERROR] /D:/C++/LuanVanTN/HETHONGTRUONGTHPT/backend/src/main/java/com/hethongtruongthpt/service/HocSinhService.java:[51,16] cannot find symbol
  symbol:   method setLopHoc(com.hethongtruongthpt.entity.LopHoc)
  location: variable hocSinh of type com.hethongtruongthpt.entity.HocSinh
[ERROR] /D:/C++/LuanVanTN/HETHONGTRUONGTHPT/backend/src/main/java/com/hethongtruongthpt/service/HocSinhService.java:[53,16] cannot find symbol
  symbol:   method setEmail(java.lang.String)
  location: variable hocSinh of type com.hethongtruongthpt.entity.HocSinh
[ERROR] /D:/C++/LuanVanTN/HETHONGTRUONGTHPT/backend/src/main/java/com/hethongtruongthpt/service/HocSinhService.java:[56,35] incompatible types: java.lang.Integer cannot be converted to java.lang.Long
[ERROR] /D:/C++/LuanVanTN/HETHONGTRUONGTHPT/backend/src/main/java/com/hethongtruongthpt/service/HocSinhService.java:[61,20] cannot find symbol
  symbol:   method getLopHoc()
  location: variable hocSinh of type com.hethongtruongthpt.entity.HocSinh
[ERROR] /D:/C++/LuanVanTN/HETHONGTRUONGTHPT/backend/src/main/java/com/hethongtruongthpt/service/HocSinhService.java:[61,51] cannot find symbol
  symbol:   method getLopHoc()
  location: variable hocSinh of type com.hethongtruongthpt.entity.HocSinh
[ERROR] /D:/C++/LuanVanTN/HETHONGTRUONGTHPT/backend/src/main/java/com/hethongtruongthpt/service/HocSinhService.java:[62,20] cannot find symbol
  symbol:   method setLopHoc(com.hethongtruongthpt.entity.LopHoc)
  location: variable hocSinh of type com.hethongtruongthpt.entity.HocSinh
[ERROR] /D:/C++/LuanVanTN/HETHONGTRUONGTHPT/backend/src/main/java/com/hethongtruongthpt/service/HocSinhService.java:[64,39] cannot find symbol
  symbol:   method getLopHoc()
  location: variable existing of type com.hethongtruongthpt.entity.HocSinh
[ERROR] /D:/C++/LuanVanTN/HETHONGTRUONGTHPT/backend/src/main/java/com/hethongtruongthpt/service/HocSinhService.java:[66,23] incompatible types: java.lang.Long cannot be converted to java.lang.Integer
[ERROR] /D:/C++/LuanVanTN/HETHONGTRUONGTHPT/backend/src/main/java/com/hethongtruongthpt/service/HocSinhService.java:[68,35] incompatible types: java.lang.Integer cannot be converted to java.lang.Long
[ERROR] /D:/C++/LuanVanTN/HETHONGTRUONGTHPT/backend/src/main/java/com/hethongtruongthpt/service/HocSinhService.java:[72,38] incompatible types: java.lang.Long cannot be converted to java.lang.Integer
[ERROR] /D:/C++/LuanVanTN/HETHONGTRUONGTHPT/backend/src/main/java/com/hethongtruongthpt/service/HocSinhService.java:[76,29] cannot find symbol
  symbol:   method getLopHoc()
  location: variable hocSinh of type com.hethongtruongthpt.entity.HocSinh
[ERROR] /D:/C++/LuanVanTN/HETHONGTRUONGTHPT/backend/src/main/java/com/hethongtruongthpt/service/HocSinhService.java:[76,59] cannot find symbol
  symbol:   method getLopHoc()
  location: variable hocSinh of type com.hethongtruongthpt.entity.HocSinh
[ERROR] /D:/C++/LuanVanTN/HETHONGTRUONGTHPT/backend/src/main/java/com/hethongtruongthpt/service/HocSinhService.java:[81,42] incompatible types: java.lang.Long cannot be converted to java.lang.Integer
[ERROR] /D:/C++/LuanVanTN/HETHONGTRUONGTHPT/backend/src/main/java/com/hethongtruongthpt/service/HocSinhService.java:[90,34] cannot find symbol
  symbol:   method getTrangThai()
  location: variable hocSinh of type com.hethongtruongthpt.entity.HocSinh
[ERROR] /D:/C++/LuanVanTN/HETHONGTRUONGTHPT/backend/src/main/java/com/hethongtruongthpt/service/HocSinhService.java:[90,68] cannot find symbol
  symbol:   method getTrangThai()
  location: variable hocSinh of type com.hethongtruongthpt.entity.HocSinh
[ERROR] /D:/C++/LuanVanTN/HETHONGTRUONGTHPT/backend/src/main/java/com/hethongtruongthpt/service/HocSinhService.java:[91,33] cannot find symbol
  symbol:   variable HOCSINH
  location: class com.hethongtruongthpt.enums.RoleEnum
[ERROR] /D:/C++/LuanVanTN/HETHONGTRUONGTHPT/backend/src/main/java/com/hethongtruongthpt/service/LichThiService.java:[23,43] incompatible types: java.lang.Long cannot be converted to java.lang.Integer
[ERROR] /D:/C++/LuanVanTN/HETHONGTRUONGTHPT/backend/src/main/java/com/hethongtruongthpt/service/LichThiService.java:[33,23] incompatible types: java.lang.Long cannot be converted to java.lang.Integer
[ERROR] /D:/C++/LuanVanTN/HETHONGTRUONGTHPT/backend/src/main/java/com/hethongtruongthpt/service/LichThiService.java:[38,38] incompatible types: java.lang.Long cannot be converted to java.lang.Integer
[ERROR] /D:/C++/LuanVanTN/HETHONGTRUONGTHPT/backend/src/main/java/com/hethongtruongthpt/service/LopHocService.java:[24,42] incompatible types: java.lang.Long cannot be converted to java.lang.Integer
[ERROR] /D:/C++/LuanVanTN/HETHONGTRUONGTHPT/backend/src/main/java/com/hethongtruongthpt/service/LopHocService.java:[36,22] incompatible types: java.lang.Long cannot be converted to java.lang.Integer
[ERROR] /D:/C++/LuanVanTN/HETHONGTRUONGTHPT/backend/src/main/java/com/hethongtruongthpt/service/LopHocService.java:[41,37] incompatible types: java.lang.Long cannot be converted to java.lang.Integer
[ERROR] /D:/C++/LuanVanTN/HETHONGTRUONGTHPT/backend/src/main/java/com/hethongtruongthpt/service/LopHocService.java:[46,66] cannot find symbol
  symbol:   method trim()
  location: class java.lang.Integer
[ERROR] /D:/C++/LuanVanTN/HETHONGTRUONGTHPT/backend/src/main/java/com/hethongtruongthpt/service/MonHocService.java:[23,42] incompatible types: java.lang.Long cannot be converted to java.lang.Integer
[ERROR] /D:/C++/LuanVanTN/HETHONGTRUONGTHPT/backend/src/main/java/com/hethongtruongthpt/service/MonHocService.java:[33,22] incompatible types: java.lang.Long cannot be converted to java.lang.Integer
[ERROR] /D:/C++/LuanVanTN/HETHONGTRUONGTHPT/backend/src/main/java/com/hethongtruongthpt/service/MonHocService.java:[38,37] incompatible types: java.lang.Long cannot be converted to java.lang.Integer
[ERROR] /D:/C++/LuanVanTN/HETHONGTRUONGTHPT/backend/src/main/java/com/hethongtruongthpt/service/NamHocService.java:[23,42] incompatible types: java.lang.Long cannot be converted to java.lang.Integer
[ERROR] /D:/C++/LuanVanTN/HETHONGTRUONGTHPT/backend/src/main/java/com/hethongtruongthpt/service/NamHocService.java:[29,52] incompatible types: java.lang.Integer cannot be converted to java.lang.Long
[ERROR] /D:/C++/LuanVanTN/HETHONGTRUONGTHPT/backend/src/main/java/com/hethongtruongthpt/service/NamHocService.java:[30,32] incompatible types: long cannot be converted to java.lang.Integer
[ERROR] /D:/C++/LuanVanTN/HETHONGTRUONGTHPT/backend/src/main/java/com/hethongtruongthpt/service/NamHocService.java:[37,22] incompatible types: java.lang.Long cannot be converted to java.lang.Integer
[ERROR] /D:/C++/LuanVanTN/HETHONGTRUONGTHPT/backend/src/main/java/com/hethongtruongthpt/service/NamHocService.java:[42,37] incompatible types: java.lang.Long cannot be converted to java.lang.Integer
[ERROR] /D:/C++/LuanVanTN/HETHONGTRUONGTHPT/backend/src/main/java/com/hethongtruongthpt/service/PhuHuynhService.java:[23,44] incompatible types: java.lang.Long cannot be converted to java.lang.Integer
[ERROR] /D:/C++/LuanVanTN/HETHONGTRUONGTHPT/backend/src/main/java/com/hethongtruongthpt/service/PhuHuynhService.java:[33,24] incompatible types: java.lang.Long cannot be converted to java.lang.Integer
[ERROR] /D:/C++/LuanVanTN/HETHONGTRUONGTHPT/backend/src/main/java/com/hethongtruongthpt/service/PhuHuynhService.java:[38,39] incompatible types: java.lang.Long cannot be converted to java.lang.Integer
[ERROR] /D:/C++/LuanVanTN/HETHONGTRUONGTHPT/backend/src/main/java/com/hethongtruongthpt/service/ThoiKhoaBieuService.java:[23,48] incompatible types: java.lang.Long cannot be converted to java.lang.Integer
[ERROR] /D:/C++/LuanVanTN/HETHONGTRUONGTHPT/backend/src/main/java/com/hethongtruongthpt/service/ThoiKhoaBieuService.java:[33,28] incompatible types: java.lang.Long cannot be converted to java.lang.Integer
[ERROR] /D:/C++/LuanVanTN/HETHONGTRUONGTHPT/backend/src/main/java/com/hethongtruongthpt/service/ThoiKhoaBieuService.java:[38,43] incompatible types: java.lang.Long cannot be converted to java.lang.Integer
[ERROR] /D:/C++/LuanVanTN/HETHONGTRUONGTHPT/backend/src/main/java/com/hethongtruongthpt/service/ThongBaoService.java:[23,44] incompatible types: java.lang.Long cannot be converted to java.lang.Integer
[ERROR] /D:/C++/LuanVanTN/HETHONGTRUONGTHPT/backend/src/main/java/com/hethongtruongthpt/service/ThongBaoService.java:[33,24] incompatible types: java.lang.Long cannot be converted to java.lang.Integer
[ERROR] /D:/C++/LuanVanTN/HETHONGTRUONGTHPT/backend/src/main/java/com/hethongtruongthpt/service/ThongBaoService.java:[38,39] incompatible types: java.lang.Long cannot be converted to java.lang.Integer
[INFO] 82 errors 
[INFO] -------------------------------------------------------------
[INFO] ------------------------------------------------------------------------
[INFO] BUILD FAILURE
[INFO] ------------------------------------------------------------------------
[INFO] Total time:  17.208 s
[INFO] Finished at: 2026-05-21T17:17:51+07:00
[INFO] ------------------------------------------------------------------------
[ERROR] Failed to execute goal org.apache.maven.plugins:maven-compiler-plugin:3.13.0:compile (default-compile) on project hethongtruongthpt-backend: Compilation failure: Compilation failure: 
[ERROR] /D:/C++/LuanVanTN/HETHONGTRUONGTHPT/backend/src/main/java/com/hethongtruongthpt/config/SampleDataSeeder.java:[147,18] cannot find symbol
[ERROR]   symbol:   method setHk1NgayBatDau(java.time.LocalDate)
[ERROR]   location: variable nam202324 of type com.hethongtruongthpt.entity.NamHoc
[ERROR] /D:/C++/LuanVanTN/HETHONGTRUONGTHPT/backend/src/main/java/com/hethongtruongthpt/config/SampleDataSeeder.java:[148,18] cannot find symbol
[ERROR]   symbol:   method setHk1NgayKetThuc(java.time.LocalDate)
[ERROR]   location: variable nam202324 of type com.hethongtruongthpt.entity.NamHoc
[ERROR] /D:/C++/LuanVanTN/HETHONGTRUONGTHPT/backend/src/main/java/com/hethongtruongthpt/config/SampleDataSeeder.java:[149,18] cannot find symbol
[ERROR]   symbol:   method setHk2NgayBatDau(java.time.LocalDate)
[ERROR]   location: variable nam202324 of type com.hethongtruongthpt.entity.NamHoc
[ERROR] /D:/C++/LuanVanTN/HETHONGTRUONGTHPT/backend/src/main/java/com/hethongtruongthpt/config/SampleDataSeeder.java:[150,18] cannot find symbol
[ERROR]   symbol:   method setHk2NgayKetThuc(java.time.LocalDate)
[ERROR]   location: variable nam202324 of type com.hethongtruongthpt.entity.NamHoc
[ERROR] /D:/C++/LuanVanTN/HETHONGTRUONGTHPT/backend/src/main/java/com/hethongtruongthpt/config/SampleDataSeeder.java:[157,18] cannot find symbol
[ERROR]   symbol:   method setHk1NgayBatDau(java.time.LocalDate)
[ERROR]   location: variable nam202425 of type com.hethongtruongthpt.entity.NamHoc
[ERROR] /D:/C++/LuanVanTN/HETHONGTRUONGTHPT/backend/src/main/java/com/hethongtruongthpt/config/SampleDataSeeder.java:[158,18] cannot find symbol
[ERROR]   symbol:   method setHk1NgayKetThuc(java.time.LocalDate)
[ERROR]   location: variable nam202425 of type com.hethongtruongthpt.entity.NamHoc
[ERROR] /D:/C++/LuanVanTN/HETHONGTRUONGTHPT/backend/src/main/java/com/hethongtruongthpt/config/SampleDataSeeder.java:[159,18] cannot find symbol
[ERROR]   symbol:   method setHk2NgayBatDau(java.time.LocalDate)
[ERROR]   location: variable nam202425 of type com.hethongtruongthpt.entity.NamHoc
[ERROR] /D:/C++/LuanVanTN/HETHONGTRUONGTHPT/backend/src/main/java/com/hethongtruongthpt/config/SampleDataSeeder.java:[160,18] cannot find symbol
[ERROR]   symbol:   method setHk2NgayKetThuc(java.time.LocalDate)
[ERROR]   location: variable nam202425 of type com.hethongtruongthpt.entity.NamHoc
[ERROR] /D:/C++/LuanVanTN/HETHONGTRUONGTHPT/backend/src/main/java/com/hethongtruongthpt/config/SampleDataSeeder.java:[167,18] cannot find symbol
[ERROR]   symbol:   method setHk1NgayBatDau(java.time.LocalDate)
[ERROR]   location: variable nam202526 of type com.hethongtruongthpt.entity.NamHoc
[ERROR] /D:/C++/LuanVanTN/HETHONGTRUONGTHPT/backend/src/main/java/com/hethongtruongthpt/config/SampleDataSeeder.java:[168,18] cannot find symbol
[ERROR]   symbol:   method setHk1NgayKetThuc(java.time.LocalDate)
[ERROR]   location: variable nam202526 of type com.hethongtruongthpt.entity.NamHoc
[ERROR] /D:/C++/LuanVanTN/HETHONGTRUONGTHPT/backend/src/main/java/com/hethongtruongthpt/config/SampleDataSeeder.java:[169,18] cannot find symbol
[ERROR]   symbol:   method setHk2NgayBatDau(java.time.LocalDate)
[ERROR]   location: variable nam202526 of type com.hethongtruongthpt.entity.NamHoc
[ERROR] /D:/C++/LuanVanTN/HETHONGTRUONGTHPT/backend/src/main/java/com/hethongtruongthpt/config/SampleDataSeeder.java:[170,18] cannot find symbol
[ERROR]   symbol:   method setHk2NgayKetThuc(java.time.LocalDate)
[ERROR]   location: variable nam202526 of type com.hethongtruongthpt.entity.NamHoc
[ERROR] /D:/C++/LuanVanTN/HETHONGTRUONGTHPT/backend/src/main/java/com/hethongtruongthpt/service/GiaoVienService.java:[46,57] incompatible types: java.lang.Long cannot be converted to java.lang.Integer
[ERROR] /D:/C++/LuanVanTN/HETHONGTRUONGTHPT/backend/src/main/java/com/hethongtruongthpt/service/GiaoVienService.java:[61,24] incompatible types: java.lang.Long cannot be converted to java.lang.Integer
[ERROR] /D:/C++/LuanVanTN/HETHONGTRUONGTHPT/backend/src/main/java/com/hethongtruongthpt/service/GiaoVienService.java:[72,39] incompatible types: java.lang.Long cannot be converted to java.lang.Integer
[ERROR] /D:/C++/LuanVanTN/HETHONGTRUONGTHPT/backend/src/main/java/com/hethongtruongthpt/service/GiaoVienService.java:[95,50] cannot find symbol
[ERROR]   symbol:   method getBoMon()
[ERROR]   location: variable giaoVien of type com.hethongtruongthpt.entity.GiaoVien
[ERROR] /D:/C++/LuanVanTN/HETHONGTRUONGTHPT/backend/src/main/java/com/hethongtruongthpt/service/GiaoVienService.java:[96,52] cannot find symbol
[ERROR]   symbol:   method getTrinhDo()
[ERROR]   location: variable giaoVien of type com.hethongtruongthpt.entity.GiaoVien
[ERROR] /D:/C++/LuanVanTN/HETHONGTRUONGTHPT/backend/src/main/java/com/hethongtruongthpt/service/GiaoVienService.java:[120,33] cannot find symbol
[ERROR]   symbol:   variable GIAOVIEN
[ERROR]   location: class com.hethongtruongthpt.enums.RoleEnum
[ERROR] /D:/C++/LuanVanTN/HETHONGTRUONGTHPT/backend/src/main/java/com/hethongtruongthpt/service/UserService.java:[49,45] incompatible types: java.lang.Long cannot be converted to java.lang.Integer
[ERROR] /D:/C++/LuanVanTN/HETHONGTRUONGTHPT/backend/src/main/java/com/hethongtruongthpt/service/UserService.java:[57,13] cannot find symbol
[ERROR]   symbol:   method setEmail(java.lang.String)
[ERROR]   location: variable user of type com.hethongtruongthpt.entity.User
[ERROR] /D:/C++/LuanVanTN/HETHONGTRUONGTHPT/backend/src/main/java/com/hethongtruongthpt/service/UserService.java:[58,13] cannot find symbol
[ERROR]   symbol:   method setStatus(java.lang.Integer)
[ERROR]   location: variable user of type com.hethongtruongthpt.entity.User
[ERROR] /D:/C++/LuanVanTN/HETHONGTRUONGTHPT/backend/src/main/java/com/hethongtruongthpt/service/UserService.java:[62,40] incompatible types: java.lang.Integer cannot be converted to java.lang.Long
[ERROR] /D:/C++/LuanVanTN/HETHONGTRUONGTHPT/backend/src/main/java/com/hethongtruongthpt/service/UserService.java:[68,49] incompatible types: java.lang.Long cannot be converted to java.lang.Integer
[ERROR] /D:/C++/LuanVanTN/HETHONGTRUONGTHPT/backend/src/main/java/com/hethongtruongthpt/service/UserService.java:[72,17] cannot find symbol
[ERROR]   symbol:   method setEmail(java.lang.String)
[ERROR]   location: variable existing of type com.hethongtruongthpt.entity.User
[ERROR] /D:/C++/LuanVanTN/HETHONGTRUONGTHPT/backend/src/main/java/com/hethongtruongthpt/service/UserService.java:[73,17] cannot find symbol
[ERROR]   symbol:   method setStatus(java.lang.Integer)
[ERROR]   location: variable existing of type com.hethongtruongthpt.entity.User
[ERROR] /D:/C++/LuanVanTN/HETHONGTRUONGTHPT/backend/src/main/java/com/hethongtruongthpt/service/UserService.java:[80,40] incompatible types: java.lang.Integer cannot be converted to java.lang.Long
[ERROR] /D:/C++/LuanVanTN/HETHONGTRUONGTHPT/backend/src/main/java/com/hethongtruongthpt/service/UserService.java:[87,35] incompatible types: java.lang.Long cannot be converted to java.lang.Integer
[ERROR] /D:/C++/LuanVanTN/HETHONGTRUONGTHPT/backend/src/main/java/com/hethongtruongthpt/service/UserService.java:[106,29] incompatible types: java.lang.Integer cannot be converted to java.lang.Long
[ERROR] /D:/C++/LuanVanTN/HETHONGTRUONGTHPT/backend/src/main/java/com/hethongtruongthpt/service/UserService.java:[108,26] cannot find symbol
[ERROR]   symbol:   method getEmail()
[ERROR]   location: variable user of type com.hethongtruongthpt.entity.User
[ERROR] /D:/C++/LuanVanTN/HETHONGTRUONGTHPT/backend/src/main/java/com/hethongtruongthpt/service/UserService.java:[109,27] cannot find symbol
[ERROR]   symbol:   method getStatus()
[ERROR]   location: variable user of type com.hethongtruongthpt.entity.User
[ERROR] /D:/C++/LuanVanTN/HETHONGTRUONGTHPT/backend/src/main/java/com/hethongtruongthpt/service/UserService.java:[109,55] cannot find symbol
[ERROR]   symbol:   method getStatus()
[ERROR]   location: variable user of type com.hethongtruongthpt.entity.User
[ERROR] /D:/C++/LuanVanTN/HETHONGTRUONGTHPT/backend/src/main/java/com/hethongtruongthpt/service/UserService.java:[110,27] cannot find symbol
[ERROR]   symbol:   method getStatus()
[ERROR]   location: variable user of type com.hethongtruongthpt.entity.User
[ERROR] /D:/C++/LuanVanTN/HETHONGTRUONGTHPT/backend/src/main/java/com/hethongtruongthpt/service/UserService.java:[111,43] incompatible types: java.time.LocalDateTime cannot be converted to java.time.Instant
[ERROR] /D:/C++/LuanVanTN/HETHONGTRUONGTHPT/backend/src/main/java/com/hethongtruongthpt/service/UserService.java:[112,43] incompatible types: java.time.LocalDateTime cannot be converted to java.time.Instant
[ERROR] /D:/C++/LuanVanTN/HETHONGTRUONGTHPT/backend/src/main/java/com/hethongtruongthpt/service/UserService.java:[114,53] incompatible types: java.lang.Integer cannot be converted to java.lang.Long
[ERROR] /D:/C++/LuanVanTN/HETHONGTRUONGTHPT/backend/src/main/java/com/hethongtruongthpt/service/AuthService.java:[63,49] incompatible types: java.lang.Integer cannot be converted to java.lang.Long
[ERROR] /D:/C++/LuanVanTN/HETHONGTRUONGTHPT/backend/src/main/java/com/hethongtruongthpt/service/ChuNhiemService.java:[62,44] incompatible types: java.lang.Long cannot be converted to java.lang.Integer
[ERROR] /D:/C++/LuanVanTN/HETHONGTRUONGTHPT/backend/src/main/java/com/hethongtruongthpt/service/ChuNhiemService.java:[65,42] incompatible types: java.lang.Long cannot be converted to java.lang.Integer
[ERROR] /D:/C++/LuanVanTN/HETHONGTRUONGTHPT/backend/src/main/java/com/hethongtruongthpt/service/DiemService.java:[23,40] incompatible types: java.lang.Long cannot be converted to java.lang.Integer
[ERROR] /D:/C++/LuanVanTN/HETHONGTRUONGTHPT/backend/src/main/java/com/hethongtruongthpt/service/DiemService.java:[33,20] incompatible types: java.lang.Long cannot be converted to java.lang.Integer
[ERROR] /D:/C++/LuanVanTN/HETHONGTRUONGTHPT/backend/src/main/java/com/hethongtruongthpt/service/DiemService.java:[38,35] incompatible types: java.lang.Long cannot be converted to java.lang.Integer
[ERROR] /D:/C++/LuanVanTN/HETHONGTRUONGTHPT/backend/src/main/java/com/hethongtruongthpt/service/HocSinhService.java:[46,43] incompatible types: java.lang.Long cannot be converted to java.lang.Integer
[ERROR] /D:/C++/LuanVanTN/HETHONGTRUONGTHPT/backend/src/main/java/com/hethongtruongthpt/service/HocSinhService.java:[51,16] cannot find symbol
[ERROR]   symbol:   method setLopHoc(com.hethongtruongthpt.entity.LopHoc)
[ERROR]   location: variable hocSinh of type com.hethongtruongthpt.entity.HocSinh
[ERROR] /D:/C++/LuanVanTN/HETHONGTRUONGTHPT/backend/src/main/java/com/hethongtruongthpt/service/HocSinhService.java:[53,16] cannot find symbol
[ERROR]   symbol:   method setEmail(java.lang.String)
[ERROR]   location: variable hocSinh of type com.hethongtruongthpt.entity.HocSinh
[ERROR] /D:/C++/LuanVanTN/HETHONGTRUONGTHPT/backend/src/main/java/com/hethongtruongthpt/service/HocSinhService.java:[56,35] incompatible types: java.lang.Integer cannot be converted to java.lang.Long
[ERROR] /D:/C++/LuanVanTN/HETHONGTRUONGTHPT/backend/src/main/java/com/hethongtruongthpt/service/HocSinhService.java:[61,20] cannot find symbol
[ERROR]   symbol:   method getLopHoc()
[ERROR]   location: variable hocSinh of type com.hethongtruongthpt.entity.HocSinh
[ERROR] /D:/C++/LuanVanTN/HETHONGTRUONGTHPT/backend/src/main/java/com/hethongtruongthpt/service/HocSinhService.java:[61,51] cannot find symbol
[ERROR]   symbol:   method getLopHoc()
[ERROR]   location: variable hocSinh of type com.hethongtruongthpt.entity.HocSinh
[ERROR] /D:/C++/LuanVanTN/HETHONGTRUONGTHPT/backend/src/main/java/com/hethongtruongthpt/service/HocSinhService.java:[62,20] cannot find symbol
[ERROR]   symbol:   method setLopHoc(com.hethongtruongthpt.entity.LopHoc)
[ERROR]   location: variable hocSinh of type com.hethongtruongthpt.entity.HocSinh
[ERROR] /D:/C++/LuanVanTN/HETHONGTRUONGTHPT/backend/src/main/java/com/hethongtruongthpt/service/HocSinhService.java:[64,39] cannot find symbol
[ERROR]   symbol:   method getLopHoc()
[ERROR]   location: variable existing of type com.hethongtruongthpt.entity.HocSinh
[ERROR] /D:/C++/LuanVanTN/HETHONGTRUONGTHPT/backend/src/main/java/com/hethongtruongthpt/service/HocSinhService.java:[66,23] incompatible types: java.lang.Long cannot be converted to java.lang.Integer
[ERROR] /D:/C++/LuanVanTN/HETHONGTRUONGTHPT/backend/src/main/java/com/hethongtruongthpt/service/HocSinhService.java:[68,35] incompatible types: java.lang.Integer cannot be converted to java.lang.Long
[ERROR] /D:/C++/LuanVanTN/HETHONGTRUONGTHPT/backend/src/main/java/com/hethongtruongthpt/service/HocSinhService.java:[72,38] incompatible types: java.lang.Long cannot be converted to java.lang.Integer
[ERROR] /D:/C++/LuanVanTN/HETHONGTRUONGTHPT/backend/src/main/java/com/hethongtruongthpt/service/HocSinhService.java:[76,29] cannot find symbol
[ERROR]   symbol:   method getLopHoc()
[ERROR]   location: variable hocSinh of type com.hethongtruongthpt.entity.HocSinh
[ERROR] /D:/C++/LuanVanTN/HETHONGTRUONGTHPT/backend/src/main/java/com/hethongtruongthpt/service/HocSinhService.java:[76,59] cannot find symbol
[ERROR]   symbol:   method getLopHoc()
[ERROR]   location: variable hocSinh of type com.hethongtruongthpt.entity.HocSinh
[ERROR] /D:/C++/LuanVanTN/HETHONGTRUONGTHPT/backend/src/main/java/com/hethongtruongthpt/service/HocSinhService.java:[81,42] incompatible types: java.lang.Long cannot be converted to java.lang.Integer
[ERROR] /D:/C++/LuanVanTN/HETHONGTRUONGTHPT/backend/src/main/java/com/hethongtruongthpt/service/HocSinhService.java:[90,34] cannot find symbol
[ERROR]   symbol:   method getTrangThai()
[ERROR]   location: variable hocSinh of type com.hethongtruongthpt.entity.HocSinh
[ERROR] /D:/C++/LuanVanTN/HETHONGTRUONGTHPT/backend/src/main/java/com/hethongtruongthpt/service/HocSinhService.java:[90,68] cannot find symbol
[ERROR]   symbol:   method getTrangThai()
[ERROR]   location: variable hocSinh of type com.hethongtruongthpt.entity.HocSinh
[ERROR] /D:/C++/LuanVanTN/HETHONGTRUONGTHPT/backend/src/main/java/com/hethongtruongthpt/service/HocSinhService.java:[91,33] cannot find symbol
[ERROR]   symbol:   variable HOCSINH
[ERROR]   location: class com.hethongtruongthpt.enums.RoleEnum
[ERROR] /D:/C++/LuanVanTN/HETHONGTRUONGTHPT/backend/src/main/java/com/hethongtruongthpt/service/LichThiService.java:[23,43] incompatible types: java.lang.Long cannot be converted to java.lang.Integer
[ERROR] /D:/C++/LuanVanTN/HETHONGTRUONGTHPT/backend/src/main/java/com/hethongtruongthpt/service/LichThiService.java:[33,23] incompatible types: java.lang.Long cannot be converted to java.lang.Integer
[ERROR] /D:/C++/LuanVanTN/HETHONGTRUONGTHPT/backend/src/main/java/com/hethongtruongthpt/service/LichThiService.java:[38,38] incompatible types: java.lang.Long cannot be converted to java.lang.Integer
[ERROR] /D:/C++/LuanVanTN/HETHONGTRUONGTHPT/backend/src/main/java/com/hethongtruongthpt/service/LopHocService.java:[24,42] incompatible types: java.lang.Long cannot be converted to java.lang.Integer
[ERROR] /D:/C++/LuanVanTN/HETHONGTRUONGTHPT/backend/src/main/java/com/hethongtruongthpt/service/LopHocService.java:[36,22] incompatible types: java.lang.Long cannot be converted to java.lang.Integer
[ERROR] /D:/C++/LuanVanTN/HETHONGTRUONGTHPT/backend/src/main/java/com/hethongtruongthpt/service/LopHocService.java:[41,37] incompatible types: java.lang.Long cannot be converted to java.lang.Integer
[ERROR] /D:/C++/LuanVanTN/HETHONGTRUONGTHPT/backend/src/main/java/com/hethongtruongthpt/service/LopHocService.java:[46,66] cannot find symbol
[ERROR]   symbol:   method trim()
[ERROR]   location: class java.lang.Integer
[ERROR] /D:/C++/LuanVanTN/HETHONGTRUONGTHPT/backend/src/main/java/com/hethongtruongthpt/service/MonHocService.java:[23,42] incompatible types: java.lang.Long cannot be converted to java.lang.Integer
[ERROR] /D:/C++/LuanVanTN/HETHONGTRUONGTHPT/backend/src/main/java/com/hethongtruongthpt/service/MonHocService.java:[33,22] incompatible types: java.lang.Long cannot be converted to java.lang.Integer
[ERROR] /D:/C++/LuanVanTN/HETHONGTRUONGTHPT/backend/src/main/java/com/hethongtruongthpt/service/MonHocService.java:[38,37] incompatible types: java.lang.Long cannot be converted to java.lang.Integer
[ERROR] /D:/C++/LuanVanTN/HETHONGTRUONGTHPT/backend/src/main/java/com/hethongtruongthpt/service/NamHocService.java:[23,42] incompatible types: java.lang.Long cannot be converted to java.lang.Integer
[ERROR] /D:/C++/LuanVanTN/HETHONGTRUONGTHPT/backend/src/main/java/com/hethongtruongthpt/service/NamHocService.java:[29,52] incompatible types: java.lang.Integer cannot be converted to java.lang.Long
[ERROR] /D:/C++/LuanVanTN/HETHONGTRUONGTHPT/backend/src/main/java/com/hethongtruongthpt/service/NamHocService.java:[30,32] incompatible types: long cannot be converted to java.lang.Integer
[ERROR] /D:/C++/LuanVanTN/HETHONGTRUONGTHPT/backend/src/main/java/com/hethongtruongthpt/service/NamHocService.java:[37,22] incompatible types: java.lang.Long cannot be converted to java.lang.Integer
[ERROR] /D:/C++/LuanVanTN/HETHONGTRUONGTHPT/backend/src/main/java/com/hethongtruongthpt/service/NamHocService.java:[42,37] incompatible types: java.lang.Long cannot be converted to java.lang.Integer
[ERROR] /D:/C++/LuanVanTN/HETHONGTRUONGTHPT/backend/src/main/java/com/hethongtruongthpt/service/PhuHuynhService.java:[23,44] incompatible types: java.lang.Long cannot be converted to java.lang.Integer
[ERROR] /D:/C++/LuanVanTN/HETHONGTRUONGTHPT/backend/src/main/java/com/hethongtruongthpt/service/PhuHuynhService.java:[33,24] incompatible types: java.lang.Long cannot be converted to java.lang.Integer
[ERROR] /D:/C++/LuanVanTN/HETHONGTRUONGTHPT/backend/src/main/java/com/hethongtruongthpt/service/PhuHuynhService.java:[38,39] incompatible types: java.lang.Long cannot be converted to java.lang.Integer
[ERROR] /D:/C++/LuanVanTN/HETHONGTRUONGTHPT/backend/src/main/java/com/hethongtruongthpt/service/ThoiKhoaBieuService.java:[23,48] incompatible types: java.lang.Long cannot be converted to java.lang.Integer
[ERROR] /D:/C++/LuanVanTN/HETHONGTRUONGTHPT/backend/src/main/java/com/hethongtruongthpt/service/ThoiKhoaBieuService.java:[33,28] incompatible types: java.lang.Long cannot be converted to java.lang.Integer
[ERROR] /D:/C++/LuanVanTN/HETHONGTRUONGTHPT/backend/src/main/java/com/hethongtruongthpt/service/ThoiKhoaBieuService.java:[38,43] incompatible types: java.lang.Long cannot be converted to java.lang.Integer
[ERROR] /D:/C++/LuanVanTN/HETHONGTRUONGTHPT/backend/src/main/java/com/hethongtruongthpt/service/ThongBaoService.java:[23,44] incompatible types: java.lang.Long cannot be converted to java.lang.Integer
[ERROR] /D:/C++/LuanVanTN/HETHONGTRUONGTHPT/backend/src/main/java/com/hethongtruongthpt/service/ThongBaoService.java:[33,24] incompatible types: java.lang.Long cannot be converted to java.lang.Integer
[ERROR] /D:/C++/LuanVanTN/HETHONGTRUONGTHPT/backend/src/main/java/com/hethongtruongthpt/service/ThongBaoService.java:[38,39] incompatible types: java.lang.Long cannot be converted to java.lang.Integer
[ERROR] -> [Help 1]
[ERROR] 
[ERROR] To see the full stack trace of the errors, re-run Maven with the -e switch.
[ERROR] Re-run Maven using the -X switch to enable full debug logging.
[ERROR] 
[ERROR] For more information about the errors and possible solutions, please read the following articles:
[ERROR] [Help 1] http://cwiki.apache.org/confluence/display/MAVEN/MojoFailureException
